../Core/Src/main.c:90:6:HAL_TIM_PWM_PulseFinishedCallback	16	static
../Core/Src/main.c:103:6:ws2812_set_color	24	static
../Core/Src/main.c:116:12:ws2812_buffer_byte	24	static
../Core/Src/main.c:134:6:ws2812_update	16	static
../Core/Src/main.c:157:6:ws2812_init	16	static
../Core/Src/main.c:179:5:main	16	static
../Core/Src/main.c:242:6:SystemClock_Config	80	static
../Core/Src/main.c:281:13:MX_TIM1_Init	96	static
../Core/Src/main.c:354:13:MX_DMA_Init	16	static
../Core/Src/main.c:372:13:MX_GPIO_Init	16	static
../Core/Src/main.c:394:6:Error_Handler	8	static,ignoring_inline_asm
